$ docker-machine create -d virtualbox default
Running pre-create checks...
Creating machine...
(default) Creating VirtualBox VM...
(default) Creating SSH key...
(default) Starting VM...
Waiting for machine to be running, this may take a few minutes...
Machine is running, waiting for SSH to be available...
Detecting operating system of created instance...
Detecting the provisioner...
Provisioning with boot2docker...
Copying certs to the local machine directory...
Copying certs to the remote machine...
Setting Docker configuration on the remote daemon...
Checking connection to Docker...
Docker is up and running!
To see how to connect Docker to this machine, run: docker-machine env default

$ docker-machine ls
NAME      ACTIVE   DRIVER       STATE     URL                         SWARM   DOCKER   ERRORS
default   -        virtualbox   Running   tcp://192.168.99.188:2376           v1.9.1

$ eval "$(docker-machine env default)"

$ docker run busybox echo hello world
Unable to find image 'busybox:latest' locally
511136ea3c5a: Pull complete
df7546f9f060: Pull complete
ea13149945cb: Pull complete
4986bf8c1536: Pull complete
hello world

$ docker-machine create -d digitalocean --digitalocean-access-token=secret staging
Creating SSH key...
Creating Digital Ocean droplet...
To see how to connect Docker to this machine, run: docker-machine env staging

$ docker-machine ls
NAME      ACTIVE   DRIVER         STATE     URL                         SWARM   DOCKER   ERRORS
default   -        virtualbox     Running   tcp://192.168.99.188:2376           v1.9.1
staging   -        digitalocean   Running   tcp://203.0.113.81:2376             v1.9.1

$ docker-machine --github-api-token=token create -d virtualbox newbox
